I'm sorry, but errors were detected in your script. Please correct the
errors listed below, and try again.


File "game/script.rpy", line 11: end of line expected.
    show Ronald_sp.jpg with dissolve
                  ^

Ren'Py Version: Ren'Py 8.2.3.24061702
Fri Apr 24 03:51:00 2026
